
expected: {
  :foo => {
    :bar => [
      [0] 1,
      [1] 2,
      [2] 3
    ]
  },
  :baz => true
}
     got: {
  :foo => {
    :bar => [
      [0] 1,
      [1] 4,
      [2] 3
    ]
  },
  :baz => false
}

Diff:[0m
[0m[0m
[0m[34m@@ -2,10 +2,10 @@
[0m[0m   :foo => {
[0m[0m     :bar => [
[0m[0m       [0] 1,
[0m[31m-      [1] 2,
[0m[32m+      [1] 4,
[0m[0m       [2] 3
[0m[0m     ]
[0m[0m   },
[0m[31m-  :baz => true
[0m[32m+  :baz => false
[0m[0m }
[0m